
 RUN  v4.1.10 /Users/parkerfawcett/sealed-runs/astra-2026-09/rev-rep3

 ❯ tests/visible/GET-api-users-me.spec.ts (0 test)
 ❯ tests/visible/GET-api-portfolios-id-value.spec.ts (0 test)
 ❯ tests/visible/POST-api-ebay.spec.ts (0 test)
 ❯ tests/visible/GET-api-pokedex.spec.ts (0 test)
 ❯ tests/visible/GET-api-watchlist.spec.ts (0 test)
 ❯ tests/visible/POST-api-auth.spec.ts (0 test)
 ❯ tests/visible/GET-api-wishlist.spec.ts (0 test)
 ❯ tests/visible/GET-api-portfolios-id.spec.ts (1 test | 1 failed) 4ms
     × responds without crashing (from-repo contract) 3ms
 ❯ tests/visible/POST-api-orders.spec.ts (0 test)
 ❯ tests/visible/POST-api-pricing.spec.ts (0 test)
 ❯ tests/visible/PUT-api-seller.spec.ts (0 test)
 ❯ tests/visible/PUT-api-listings-id.spec.ts (0 test)
 ❯ tests/visible/POST-api-portfolios.spec.ts (0 test)
 ❯ tests/visible/PUT-api-users-profile.spec.ts (0 test)
 ❯ tests/visible/PUT-api-orders.spec.ts (0 test)

⎯⎯⎯⎯⎯⎯ Failed Suites 14 ⎯⎯⎯⎯⎯⎯

 FAIL  tests/visible/GET-api-pokedex.spec.ts [ tests/visible/GET-api-pokedex.spec.ts ]
Error: Cannot find module '../../src/app/api/pokedex/route.js' imported from /Users/parkerfawcett/sealed-runs/astra-2026-09/rev-rep3/tests/visible/GET-api-pokedex.spec.ts
 ❯ tests/visible/GET-api-pokedex.spec.ts:3:1
      1| import { describe, it, expect } from 'vitest';
      2| import { NextRequest } from 'next/server';
      3| import { GET } from '../../src/app/api/pokedex/route.js';
       | ^
      4|
      5| describe("GET /api/pokedex", () => {

⎯⎯⎯⎯⎯⎯⎯⎯⎯⎯⎯⎯⎯⎯⎯⎯⎯⎯⎯⎯⎯⎯⎯[1/15]⎯

 FAIL  tests/visible/GET-api-portfolios-id-value.spec.ts [ tests/visible/GET-api-portfolios-id-value.spec.ts ]
Error: Cannot find module '../../src/app/api/portfolios/[id]/value/route.js' imported from /Users/parkerfawcett/sealed-runs/astra-2026-09/rev-rep3/tests/visible/GET-api-portfolios-id-value.spec.ts
 ❯ tests/visible/GET-api-portfolios-id-value.spec.ts:3:1
      1| import { describe, it, expect } from 'vitest';
      2| import { NextRequest } from 'next/server';
      3| import { GET } from '../../src/app/api/portfolios/[id]/value/route.js';
       | ^
      4|
      5| describe("GET /api/portfolios/:id/value", () => {

⎯⎯⎯⎯⎯⎯⎯⎯⎯⎯⎯⎯⎯⎯⎯⎯⎯⎯⎯⎯⎯⎯⎯[2/15]⎯

 FAIL  tests/visible/GET-api-users-me.spec.ts [ tests/visible/GET-api-users-me.spec.ts ]
Error: Cannot find module '../../src/app/api/users/me/route.js' imported from /Users/parkerfawcett/sealed-runs/astra-2026-09/rev-rep3/tests/visible/GET-api-users-me.spec.ts
 ❯ tests/visible/GET-api-users-me.spec.ts:3:1
      1| import { describe, it, expect } from 'vitest';
      2| import { NextRequest } from 'next/server';
      3| import { GET } from '../../src/app/api/users/me/route.js';
       | ^
      4|
      5| describe("GET /api/users/me", () => {

⎯⎯⎯⎯⎯⎯⎯⎯⎯⎯⎯⎯⎯⎯⎯⎯⎯⎯⎯⎯⎯⎯⎯[3/15]⎯

 FAIL  tests/visible/GET-api-watchlist.spec.ts [ tests/visible/GET-api-watchlist.spec.ts ]
Error: Cannot find module '../../src/app/api/watchlist/route.js' imported from /Users/parkerfawcett/sealed-runs/astra-2026-09/rev-rep3/tests/visible/GET-api-watchlist.spec.ts
 ❯ tests/visible/GET-api-watchlist.spec.ts:3:1
      1| import { describe, it, expect } from 'vitest';
      2| import { NextRequest } from 'next/server';
      3| import { GET } from '../../src/app/api/watchlist/route.js';
       | ^
      4|
      5| describe("GET /api/watchlist", () => {

⎯⎯⎯⎯⎯⎯⎯⎯⎯⎯⎯⎯⎯⎯⎯⎯⎯⎯⎯⎯⎯⎯⎯[4/15]⎯

 FAIL  tests/visible/GET-api-wishlist.spec.ts [ tests/visible/GET-api-wishlist.spec.ts ]
Error: Cannot find module '../../src/app/api/wishlist/route.js' imported from /Users/parkerfawcett/sealed-runs/astra-2026-09/rev-rep3/tests/visible/GET-api-wishlist.spec.ts
 ❯ tests/visible/GET-api-wishlist.spec.ts:3:1
      1| import { describe, it, expect } from 'vitest';
      2| import { NextRequest } from 'next/server';
      3| import { GET } from '../../src/app/api/wishlist/route.js';
       | ^
      4|
      5| describe("GET /api/wishlist", () => {

⎯⎯⎯⎯⎯⎯⎯⎯⎯⎯⎯⎯⎯⎯⎯⎯⎯⎯⎯⎯⎯⎯⎯[5/15]⎯

 FAIL  tests/visible/POST-api-auth.spec.ts [ tests/visible/POST-api-auth.spec.ts ]
Error: Cannot find module '../../src/app/api/auth/route.js' imported from /Users/parkerfawcett/sealed-runs/astra-2026-09/rev-rep3/tests/visible/POST-api-auth.spec.ts
 ❯ tests/visible/POST-api-auth.spec.ts:3:1
      1| import { describe, it, expect } from 'vitest';
      2| import { NextRequest } from 'next/server';
      3| import { POST } from '../../src/app/api/auth/route.js';
       | ^
      4|
      5| describe("POST /api/auth", () => {

⎯⎯⎯⎯⎯⎯⎯⎯⎯⎯⎯⎯⎯⎯⎯⎯⎯⎯⎯⎯⎯⎯⎯[6/15]⎯

 FAIL  tests/visible/POST-api-ebay.spec.ts [ tests/visible/POST-api-ebay.spec.ts ]
Error: Cannot find module '../../src/app/api/ebay/route.js' imported from /Users/parkerfawcett/sealed-runs/astra-2026-09/rev-rep3/tests/visible/POST-api-ebay.spec.ts
 ❯ tests/visible/POST-api-ebay.spec.ts:3:1
      1| import { describe, it, expect } from 'vitest';
      2| import { NextRequest } from 'next/server';
      3| import { POST } from '../../src/app/api/ebay/route.js';
       | ^
      4|
      5| describe("POST /api/ebay", () => {

⎯⎯⎯⎯⎯⎯⎯⎯⎯⎯⎯⎯⎯⎯⎯⎯⎯⎯⎯⎯⎯⎯⎯[7/15]⎯

 FAIL  tests/visible/POST-api-orders.spec.ts [ tests/visible/POST-api-orders.spec.ts ]
Error: Cannot find module '../../src/app/api/orders/route.js' imported from /Users/parkerfawcett/sealed-runs/astra-2026-09/rev-rep3/tests/visible/POST-api-orders.spec.ts
 ❯ tests/visible/POST-api-orders.spec.ts:3:1
      1| import { describe, it, expect } from 'vitest';
      2| import { NextRequest } from 'next/server';
      3| import { POST } from '../../src/app/api/orders/route.js';
       | ^
      4|
      5| describe("POST /api/orders", () => {

⎯⎯⎯⎯⎯⎯⎯⎯⎯⎯⎯⎯⎯⎯⎯⎯⎯⎯⎯⎯⎯⎯⎯[8/15]⎯

 FAIL  tests/visible/POST-api-portfolios.spec.ts [ tests/visible/POST-api-portfolios.spec.ts ]
Error: Cannot find module '../../src/app/api/portfolios/route.js' imported from /Users/parkerfawcett/sealed-runs/astra-2026-09/rev-rep3/tests/visible/POST-api-portfolios.spec.ts
 ❯ tests/visible/POST-api-portfolios.spec.ts:3:1
      1| import { describe, it, expect } from 'vitest';
      2| import { NextRequest } from 'next/server';
      3| import { POST } from '../../src/app/api/portfolios/route.js';
       | ^
      4|
      5| describe("POST /api/portfolios", () => {

⎯⎯⎯⎯⎯⎯⎯⎯⎯⎯⎯⎯⎯⎯⎯⎯⎯⎯⎯⎯⎯⎯⎯[9/15]⎯

 FAIL  tests/visible/POST-api-pricing.spec.ts [ tests/visible/POST-api-pricing.spec.ts ]
Error: Cannot find module '../../src/app/api/pricing/route.js' imported from /Users/parkerfawcett/sealed-runs/astra-2026-09/rev-rep3/tests/visible/POST-api-pricing.spec.ts
 ❯ tests/visible/POST-api-pricing.spec.ts:3:1
      1| import { describe, it, expect } from 'vitest';
      2| import { NextRequest } from 'next/server';
      3| import { POST } from '../../src/app/api/pricing/route.js';
       | ^
      4|
      5| describe("POST /api/pricing", () => {

⎯⎯⎯⎯⎯⎯⎯⎯⎯⎯⎯⎯⎯⎯⎯⎯⎯⎯⎯⎯⎯⎯[10/15]⎯

 FAIL  tests/visible/PUT-api-listings-id.spec.ts [ tests/visible/PUT-api-listings-id.spec.ts ]
Error: Cannot find module '../../src/app/api/listings/[id]/route.js' imported from /Users/parkerfawcett/sealed-runs/astra-2026-09/rev-rep3/tests/visible/PUT-api-listings-id.spec.ts
 ❯ tests/visible/PUT-api-listings-id.spec.ts:3:1
      1| import { describe, it, expect } from 'vitest';
      2| import { NextRequest } from 'next/server';
      3| import { PUT } from '../../src/app/api/listings/[id]/route.js';
       | ^
      4|
      5| describe("PUT /api/listings/:id", () => {

⎯⎯⎯⎯⎯⎯⎯⎯⎯⎯⎯⎯⎯⎯⎯⎯⎯⎯⎯⎯⎯⎯[11/15]⎯

 FAIL  tests/visible/PUT-api-orders.spec.ts [ tests/visible/PUT-api-orders.spec.ts ]
Error: Cannot find module '../../src/app/api/orders/route.js' imported from /Users/parkerfawcett/sealed-runs/astra-2026-09/rev-rep3/tests/visible/PUT-api-orders.spec.ts
 ❯ tests/visible/PUT-api-orders.spec.ts:3:1
      1| import { describe, it, expect } from 'vitest';
      2| import { NextRequest } from 'next/server';
      3| import { PUT } from '../../src/app/api/orders/route.js';
       | ^
      4|
      5| describe("PUT /api/orders", () => {

⎯⎯⎯⎯⎯⎯⎯⎯⎯⎯⎯⎯⎯⎯⎯⎯⎯⎯⎯⎯⎯⎯[12/15]⎯

 FAIL  tests/visible/PUT-api-seller.spec.ts [ tests/visible/PUT-api-seller.spec.ts ]
Error: Cannot find module '../../src/app/api/seller/route.js' imported from /Users/parkerfawcett/sealed-runs/astra-2026-09/rev-rep3/tests/visible/PUT-api-seller.spec.ts
 ❯ tests/visible/PUT-api-seller.spec.ts:3:1
      1| import { describe, it, expect } from 'vitest';
      2| import { NextRequest } from 'next/server';
      3| import { PUT } from '../../src/app/api/seller/route.js';
       | ^
      4|
      5| describe("PUT /api/seller", () => {

⎯⎯⎯⎯⎯⎯⎯⎯⎯⎯⎯⎯⎯⎯⎯⎯⎯⎯⎯⎯⎯⎯[13/15]⎯

 FAIL  tests/visible/PUT-api-users-profile.spec.ts [ tests/visible/PUT-api-users-profile.spec.ts ]
Error: Cannot find module '../../src/app/api/users/profile/route.js' imported from /Users/parkerfawcett/sealed-runs/astra-2026-09/rev-rep3/tests/visible/PUT-api-users-profile.spec.ts
 ❯ tests/visible/PUT-api-users-profile.spec.ts:3:1
      1| import { describe, it, expect } from 'vitest';
      2| import { NextRequest } from 'next/server';
      3| import { PUT } from '../../src/app/api/users/profile/route.js';
       | ^
      4|
      5| describe("PUT /api/users/profile", () => {

⎯⎯⎯⎯⎯⎯⎯⎯⎯⎯⎯⎯⎯⎯⎯⎯⎯⎯⎯⎯⎯⎯[14/15]⎯


⎯⎯⎯⎯⎯⎯⎯ Failed Tests 1 ⎯⎯⎯⎯⎯⎯⎯

 FAIL  tests/visible/GET-api-portfolios-id.spec.ts > GET /api/portfolios/:id > responds without crashing (from-repo contract)
TypeError: GET is not a function
 ❯ tests/visible/GET-api-portfolios-id.spec.ts:8:23
      6|   it('responds without crashing (from-repo contract)', async () => {
      7|     const request = new NextRequest('http://localhost:3000/api/portfol…
      8|     const res = await GET(request, { params: { id: 'test-value-123' } …
       |                       ^
      9|     expect(res.status).toBeLessThan(500);
     10|   });

⎯⎯⎯⎯⎯⎯⎯⎯⎯⎯⎯⎯⎯⎯⎯⎯⎯⎯⎯⎯⎯⎯[15/15]⎯


 Test Files  15 failed | 5 passed (20)
      Tests  1 failed | 5 passed (6)
   Start at  17:21:05
   Duration  465ms (transform 275ms, setup 0ms, import 293ms, tests 25ms, environment 1ms)

