(!) Your Vite config uses features that are unsupported by `configLoader: 'native'`, which is planned to become the default in a future major version of Vite:
  - ESM syntax in a file loaded as CommonJS (vitest.config.ts:1:1). Use a `.mjs` extension or set `"type": "module"` in the closest package.json
Set `VITE_CONFIG_NATIVE_IGNORE_WARNING=true` to suppress this warning.

 RUN  v4.1.11 /Users/parkerfawcett/ablation-cc-duskframe-rebuild/without-rep1

 ❯ tests/visible/PAGE-contact.page.spec.ts (1 test | 1 skipped) 60092ms
 ❯ tests/visible/PAGE-about.page.spec.ts (1 test | 1 skipped) 60073ms

⎯⎯⎯⎯⎯⎯ Failed Suites 2 ⎯⎯⎯⎯⎯⎯⎯

 FAIL  tests/visible/PAGE-about.page.spec.ts [ tests/visible/PAGE-about.page.spec.ts ]
Error: next dev did not become ready in time
 ❯ waitForReady tests/visible/PAGE-about.page.spec.ts:50:9
     48|     await new Promise((resolve) => setTimeout(resolve, 500));
     49|   }
     50|   throw new Error('next dev did not become ready in time');
       |         ^
     51| }
     52|
 ❯ tests/visible/PAGE-about.page.spec.ts:102:3

⎯⎯⎯⎯⎯⎯⎯⎯⎯⎯⎯⎯⎯⎯⎯⎯⎯⎯⎯⎯⎯⎯⎯⎯[1/2]⎯

 FAIL  tests/visible/PAGE-contact.page.spec.ts [ tests/visible/PAGE-contact.page.spec.ts ]
Error: next dev did not become ready in time
 ❯ waitForReady tests/visible/PAGE-contact.page.spec.ts:50:9
     48|     await new Promise((resolve) => setTimeout(resolve, 500));
     49|   }
     50|   throw new Error('next dev did not become ready in time');
       |         ^
     51| }
     52|
 ❯ tests/visible/PAGE-contact.page.spec.ts:102:3

⎯⎯⎯⎯⎯⎯⎯⎯⎯⎯⎯⎯⎯⎯⎯⎯⎯⎯⎯⎯⎯⎯⎯⎯[2/2]⎯


 Test Files  2 failed (2)
      Tests  2 skipped (2)
   Start at  20:08:50
   Duration  120.80s (transform 27ms, setup 0ms, import 447ms, tests 120.17s, environment 0ms)

